2025-09-21 12:22:16 | __main__ | ERROR    | data_processor.py:122 | Error loading sector mapping: [Errno 2] No such file or directory: 'data\\raw\\VN_HOSE_companies.csv'
2025-09-21 12:22:16 | __main__ | ERROR    | data_processor.py:459 | No data was successfully processed
2025-09-21 12:26:14 | __main__ | ERROR    | data_processor.py:459 | No data was successfully processed
2025-09-21 12:27:20 | __main__ | ERROR    | data_processor.py:35 | No stock data loaded. Please check your data loading step.
2025-09-21 12:27:20 | __main__ | ERROR    | data_processor.py:470 | No data was successfully processed
2025-09-21 12:28:53 | __main__ | ERROR    | data_processor.py:35 | No stock data loaded. Please check your data loading step.
2025-09-21 12:28:53 | __main__ | ERROR    | data_processor.py:470 | No data was successfully processed
2025-09-21 12:30:21 | __main__ | ERROR    | data_processor.py:35 | No stock data loaded. Please check your data loading step.
2025-09-21 12:30:21 | __main__ | ERROR    | data_processor.py:474 | No data was successfully processed
2025-09-21 12:33:16 | __main__ | ERROR    | data_processor.py:341 | Error calculating technical indicators: module 'ta.volume' has no attribute 'volume_sma'
2025-09-21 13:03:17 | src.data.data_processor | ERROR    | data_processor.py:88 | No common trading dates found across stocks. Check for inconsistent or missing dates.
2025-09-21 13:03:18 | src.data.data_processor | ERROR    | data_processor.py:376 | Error calculating technical indicators: module 'ta.volume' has no attribute 'volume_sma'
2025-09-21 13:03:18 | src.data.data_processor | ERROR    | data_processor.py:376 | Error calculating technical indicators: module 'ta.volume' has no attribute 'volume_sma'
2025-09-21 13:03:18 | src.data.data_processor | ERROR    | data_processor.py:376 | Error calculating technical indicators: module 'ta.volume' has no attribute 'volume_sma'
2025-09-21 13:03:18 | src.data.data_processor | ERROR    | data_processor.py:376 | Error calculating technical indicators: module 'ta.volume' has no attribute 'volume_sma'
2025-09-21 13:03:18 | src.data.data_processor | ERROR    | data_processor.py:376 | Error calculating technical indicators: module 'ta.volume' has no attribute 'volume_sma'
2025-09-21 13:03:18 | src.data.data_processor | ERROR    | data_processor.py:376 | Error calculating technical indicators: module 'ta.volume' has no attribute 'volume_sma'
2025-09-21 13:03:18 | src.data.data_processor | ERROR    | data_processor.py:376 | Error calculating technical indicators: module 'ta.volume' has no attribute 'volume_sma'
2025-09-21 13:03:18 | src.data.data_processor | ERROR    | data_processor.py:376 | Error calculating technical indicators: module 'ta.volume' has no attribute 'volume_sma'
2025-09-21 13:03:18 | src.data.data_processor | ERROR    | data_processor.py:376 | Error calculating technical indicators: module 'ta.volume' has no attribute 'volume_sma'
2025-09-21 13:03:18 | src.data.data_processor | ERROR    | data_processor.py:376 | Error calculating technical indicators: module 'ta.volume' has no attribute 'volume_sma'
2025-09-21 13:03:18 | src.data.data_processor | ERROR    | data_processor.py:376 | Error calculating technical indicators: module 'ta.volume' has no attribute 'volume_sma'
2025-09-21 13:03:19 | src.data.data_processor | ERROR    | data_processor.py:376 | Error calculating technical indicators: module 'ta.volume' has no attribute 'volume_sma'
2025-09-21 13:03:19 | src.data.data_processor | ERROR    | data_processor.py:376 | Error calculating technical indicators: module 'ta.volume' has no attribute 'volume_sma'
2025-09-21 13:03:19 | src.data.data_processor | ERROR    | data_processor.py:376 | Error calculating technical indicators: module 'ta.volume' has no attribute 'volume_sma'
2025-09-21 13:03:19 | src.data.data_processor | ERROR    | data_processor.py:376 | Error calculating technical indicators: module 'ta.volume' has no attribute 'volume_sma'
2025-09-21 13:03:19 | src.data.data_processor | ERROR    | data_processor.py:376 | Error calculating technical indicators: module 'ta.volume' has no attribute 'volume_sma'
2025-09-21 13:03:19 | src.data.data_processor | ERROR    | data_processor.py:376 | Error calculating technical indicators: module 'ta.volume' has no attribute 'volume_sma'
2025-09-21 13:03:19 | src.data.data_processor | ERROR    | data_processor.py:376 | Error calculating technical indicators: module 'ta.volume' has no attribute 'volume_sma'
2025-09-21 13:03:19 | src.data.data_processor | ERROR    | data_processor.py:376 | Error calculating technical indicators: module 'ta.volume' has no attribute 'volume_sma'
2025-09-21 13:03:19 | src.data.data_processor | ERROR    | data_processor.py:376 | Error calculating technical indicators: module 'ta.volume' has no attribute 'volume_sma'
2025-09-21 13:03:19 | src.data.data_processor | ERROR    | data_processor.py:376 | Error calculating technical indicators: module 'ta.volume' has no attribute 'volume_sma'
2025-09-21 13:03:19 | src.data.data_processor | ERROR    | data_processor.py:376 | Error calculating technical indicators: module 'ta.volume' has no attribute 'volume_sma'
2025-09-21 13:03:19 | src.data.data_processor | ERROR    | data_processor.py:376 | Error calculating technical indicators: module 'ta.volume' has no attribute 'volume_sma'
2025-09-21 13:03:19 | src.data.data_processor | ERROR    | data_processor.py:376 | Error calculating technical indicators: module 'ta.volume' has no attribute 'volume_sma'
2025-09-21 13:03:19 | src.data.data_processor | ERROR    | data_processor.py:376 | Error calculating technical indicators: module 'ta.volume' has no attribute 'volume_sma'
2025-09-21 13:03:19 | src.data.data_processor | ERROR    | data_processor.py:376 | Error calculating technical indicators: module 'ta.volume' has no attribute 'volume_sma'
2025-09-21 13:03:19 | src.data.data_processor | ERROR    | data_processor.py:376 | Error calculating technical indicators: module 'ta.volume' has no attribute 'volume_sma'
2025-09-21 13:03:19 | src.data.data_processor | ERROR    | data_processor.py:376 | Error calculating technical indicators: module 'ta.volume' has no attribute 'volume_sma'
2025-09-21 13:03:19 | src.data.data_processor | ERROR    | data_processor.py:376 | Error calculating technical indicators: module 'ta.volume' has no attribute 'volume_sma'
2025-09-21 13:03:19 | src.data.data_processor | ERROR    | data_processor.py:376 | Error calculating technical indicators: module 'ta.volume' has no attribute 'volume_sma'
2025-09-21 13:03:19 | src.data.data_processor | ERROR    | data_processor.py:376 | Error calculating technical indicators: module 'ta.volume' has no attribute 'volume_sma'
2025-09-21 13:03:19 | src.data.data_processor | ERROR    | data_processor.py:376 | Error calculating technical indicators: module 'ta.volume' has no attribute 'volume_sma'
2025-09-21 13:03:20 | src.data.data_processor | ERROR    | data_processor.py:376 | Error calculating technical indicators: module 'ta.volume' has no attribute 'volume_sma'
2025-09-21 13:03:20 | src.data.data_processor | ERROR    | data_processor.py:376 | Error calculating technical indicators: module 'ta.volume' has no attribute 'volume_sma'
2025-09-21 13:03:20 | src.data.data_processor | ERROR    | data_processor.py:376 | Error calculating technical indicators: module 'ta.volume' has no attribute 'volume_sma'
2025-09-21 13:03:20 | src.data.data_processor | ERROR    | data_processor.py:376 | Error calculating technical indicators: module 'ta.volume' has no attribute 'volume_sma'
2025-09-21 13:03:20 | src.data.data_processor | ERROR    | data_processor.py:376 | Error calculating technical indicators: module 'ta.volume' has no attribute 'volume_sma'
2025-09-21 13:03:20 | src.data.data_processor | ERROR    | data_processor.py:376 | Error calculating technical indicators: module 'ta.volume' has no attribute 'volume_sma'
2025-09-21 13:03:20 | src.data.data_processor | ERROR    | data_processor.py:376 | Error calculating technical indicators: module 'ta.volume' has no attribute 'volume_sma'
2025-09-21 13:03:20 | src.data.data_processor | ERROR    | data_processor.py:376 | Error calculating technical indicators: module 'ta.volume' has no attribute 'volume_sma'
2025-09-21 13:03:20 | src.data.data_processor | ERROR    | data_processor.py:376 | Error calculating technical indicators: module 'ta.volume' has no attribute 'volume_sma'
2025-09-21 13:03:20 | src.data.data_processor | ERROR    | data_processor.py:376 | Error calculating technical indicators: module 'ta.volume' has no attribute 'volume_sma'
2025-09-21 13:03:20 | src.data.data_processor | ERROR    | data_processor.py:376 | Error calculating technical indicators: module 'ta.volume' has no attribute 'volume_sma'
2025-09-21 13:03:20 | src.data.data_processor | ERROR    | data_processor.py:376 | Error calculating technical indicators: module 'ta.volume' has no attribute 'volume_sma'
2025-09-21 13:03:20 | src.data.data_processor | ERROR    | data_processor.py:376 | Error calculating technical indicators: module 'ta.volume' has no attribute 'volume_sma'
2025-09-21 13:03:20 | src.data.data_processor | ERROR    | data_processor.py:376 | Error calculating technical indicators: module 'ta.volume' has no attribute 'volume_sma'
2025-09-21 13:03:20 | src.data.data_processor | ERROR    | data_processor.py:376 | Error calculating technical indicators: module 'ta.volume' has no attribute 'volume_sma'
2025-09-21 13:03:20 | src.data.data_processor | ERROR    | data_processor.py:376 | Error calculating technical indicators: module 'ta.volume' has no attribute 'volume_sma'
2025-09-21 13:03:20 | src.data.data_processor | ERROR    | data_processor.py:376 | Error calculating technical indicators: module 'ta.volume' has no attribute 'volume_sma'
2025-09-21 13:03:20 | src.data.data_processor | ERROR    | data_processor.py:376 | Error calculating technical indicators: module 'ta.volume' has no attribute 'volume_sma'
2025-09-21 13:03:20 | src.data.data_processor | ERROR    | data_processor.py:376 | Error calculating technical indicators: module 'ta.volume' has no attribute 'volume_sma'
2025-09-21 13:03:20 | src.data.data_processor | ERROR    | data_processor.py:376 | Error calculating technical indicators: module 'ta.volume' has no attribute 'volume_sma'
2025-09-21 13:03:20 | src.data.data_processor | ERROR    | data_processor.py:376 | Error calculating technical indicators: module 'ta.volume' has no attribute 'volume_sma'
2025-09-21 13:03:20 | src.data.data_processor | ERROR    | data_processor.py:376 | Error calculating technical indicators: module 'ta.volume' has no attribute 'volume_sma'
2025-09-21 13:03:20 | src.data.data_processor | ERROR    | data_processor.py:376 | Error calculating technical indicators: module 'ta.volume' has no attribute 'volume_sma'
2025-09-21 13:03:20 | src.data.data_processor | ERROR    | data_processor.py:376 | Error calculating technical indicators: module 'ta.volume' has no attribute 'volume_sma'
2025-09-21 13:03:20 | src.data.data_processor | ERROR    | data_processor.py:376 | Error calculating technical indicators: module 'ta.volume' has no attribute 'volume_sma'
2025-09-21 13:03:21 | src.data.data_processor | ERROR    | data_processor.py:376 | Error calculating technical indicators: module 'ta.volume' has no attribute 'volume_sma'
2025-09-21 13:03:21 | src.data.data_processor | ERROR    | data_processor.py:376 | Error calculating technical indicators: module 'ta.volume' has no attribute 'volume_sma'
2025-09-21 13:03:21 | src.data.data_processor | ERROR    | data_processor.py:376 | Error calculating technical indicators: module 'ta.volume' has no attribute 'volume_sma'
2025-09-21 13:03:21 | src.data.data_processor | ERROR    | data_processor.py:376 | Error calculating technical indicators: module 'ta.volume' has no attribute 'volume_sma'
2025-09-21 13:03:21 | src.data.data_processor | ERROR    | data_processor.py:376 | Error calculating technical indicators: module 'ta.volume' has no attribute 'volume_sma'
2025-09-21 13:03:21 | src.data.data_processor | ERROR    | data_processor.py:376 | Error calculating technical indicators: module 'ta.volume' has no attribute 'volume_sma'
2025-09-21 13:03:21 | src.data.data_processor | ERROR    | data_processor.py:376 | Error calculating technical indicators: module 'ta.volume' has no attribute 'volume_sma'
2025-09-21 13:03:21 | src.data.data_processor | ERROR    | data_processor.py:376 | Error calculating technical indicators: module 'ta.volume' has no attribute 'volume_sma'
2025-09-21 13:03:21 | src.data.data_processor | ERROR    | data_processor.py:376 | Error calculating technical indicators: module 'ta.volume' has no attribute 'volume_sma'
2025-09-21 13:03:21 | src.data.data_processor | ERROR    | data_processor.py:376 | Error calculating technical indicators: module 'ta.volume' has no attribute 'volume_sma'
2025-09-21 13:03:21 | src.data.data_processor | ERROR    | data_processor.py:376 | Error calculating technical indicators: module 'ta.volume' has no attribute 'volume_sma'
2025-09-21 13:03:21 | src.data.data_processor | ERROR    | data_processor.py:376 | Error calculating technical indicators: module 'ta.volume' has no attribute 'volume_sma'
2025-09-21 13:03:21 | src.data.data_processor | ERROR    | data_processor.py:376 | Error calculating technical indicators: module 'ta.volume' has no attribute 'volume_sma'
2025-09-21 13:03:21 | src.data.data_processor | ERROR    | data_processor.py:376 | Error calculating technical indicators: module 'ta.volume' has no attribute 'volume_sma'
2025-09-21 13:03:21 | src.data.data_processor | ERROR    | data_processor.py:376 | Error calculating technical indicators: module 'ta.volume' has no attribute 'volume_sma'
2025-09-21 13:03:21 | src.data.data_processor | ERROR    | data_processor.py:376 | Error calculating technical indicators: module 'ta.volume' has no attribute 'volume_sma'
2025-09-21 13:03:21 | src.data.data_processor | ERROR    | data_processor.py:376 | Error calculating technical indicators: module 'ta.volume' has no attribute 'volume_sma'
2025-09-21 13:03:21 | src.data.data_processor | ERROR    | data_processor.py:376 | Error calculating technical indicators: module 'ta.volume' has no attribute 'volume_sma'
2025-09-21 13:03:21 | src.data.data_processor | ERROR    | data_processor.py:376 | Error calculating technical indicators: module 'ta.volume' has no attribute 'volume_sma'
2025-09-21 13:03:21 | src.data.data_processor | ERROR    | data_processor.py:376 | Error calculating technical indicators: module 'ta.volume' has no attribute 'volume_sma'
2025-09-21 13:03:21 | src.data.data_processor | ERROR    | data_processor.py:376 | Error calculating technical indicators: module 'ta.volume' has no attribute 'volume_sma'
2025-09-21 13:03:21 | src.data.data_processor | ERROR    | data_processor.py:376 | Error calculating technical indicators: module 'ta.volume' has no attribute 'volume_sma'
2025-09-21 13:03:21 | src.data.data_processor | ERROR    | data_processor.py:376 | Error calculating technical indicators: module 'ta.volume' has no attribute 'volume_sma'
2025-09-21 13:03:21 | src.data.data_processor | ERROR    | data_processor.py:376 | Error calculating technical indicators: module 'ta.volume' has no attribute 'volume_sma'
2025-09-21 13:03:21 | src.data.data_processor | ERROR    | data_processor.py:376 | Error calculating technical indicators: module 'ta.volume' has no attribute 'volume_sma'
2025-09-21 13:03:21 | src.data.data_processor | ERROR    | data_processor.py:376 | Error calculating technical indicators: module 'ta.volume' has no attribute 'volume_sma'
2025-09-21 13:03:21 | src.data.data_processor | ERROR    | data_processor.py:376 | Error calculating technical indicators: module 'ta.volume' has no attribute 'volume_sma'
2025-09-21 13:03:21 | src.data.data_processor | ERROR    | data_processor.py:376 | Error calculating technical indicators: module 'ta.volume' has no attribute 'volume_sma'
2025-09-21 13:03:22 | src.data.data_processor | ERROR    | data_processor.py:376 | Error calculating technical indicators: module 'ta.volume' has no attribute 'volume_sma'
2025-09-21 13:03:22 | src.data.data_processor | ERROR    | data_processor.py:376 | Error calculating technical indicators: module 'ta.volume' has no attribute 'volume_sma'
2025-09-21 13:03:22 | src.data.data_processor | ERROR    | data_processor.py:376 | Error calculating technical indicators: module 'ta.volume' has no attribute 'volume_sma'
2025-09-21 13:03:22 | src.data.data_processor | ERROR    | data_processor.py:376 | Error calculating technical indicators: module 'ta.volume' has no attribute 'volume_sma'
2025-09-21 13:03:22 | src.data.data_processor | ERROR    | data_processor.py:376 | Error calculating technical indicators: module 'ta.volume' has no attribute 'volume_sma'
2025-09-21 13:03:22 | src.data.data_processor | ERROR    | data_processor.py:376 | Error calculating technical indicators: module 'ta.volume' has no attribute 'volume_sma'
2025-09-21 13:03:22 | src.data.data_processor | ERROR    | data_processor.py:376 | Error calculating technical indicators: module 'ta.volume' has no attribute 'volume_sma'
2025-09-21 13:03:22 | src.data.data_processor | ERROR    | data_processor.py:376 | Error calculating technical indicators: module 'ta.volume' has no attribute 'volume_sma'
2025-09-21 13:03:22 | src.data.data_processor | ERROR    | data_processor.py:376 | Error calculating technical indicators: module 'ta.volume' has no attribute 'volume_sma'
2025-09-21 13:03:22 | src.data.data_processor | ERROR    | data_processor.py:376 | Error calculating technical indicators: module 'ta.volume' has no attribute 'volume_sma'
2025-09-21 13:03:22 | src.data.data_processor | ERROR    | data_processor.py:376 | Error calculating technical indicators: module 'ta.volume' has no attribute 'volume_sma'
2025-09-21 13:03:22 | src.data.data_processor | ERROR    | data_processor.py:376 | Error calculating technical indicators: module 'ta.volume' has no attribute 'volume_sma'
2025-09-21 13:03:22 | src.data.data_processor | ERROR    | data_processor.py:376 | Error calculating technical indicators: module 'ta.volume' has no attribute 'volume_sma'
2025-09-21 13:03:22 | src.data.data_processor | ERROR    | data_processor.py:376 | Error calculating technical indicators: module 'ta.volume' has no attribute 'volume_sma'
2025-09-21 13:03:22 | src.data.data_processor | ERROR    | data_processor.py:376 | Error calculating technical indicators: module 'ta.volume' has no attribute 'volume_sma'
2025-09-21 13:03:22 | src.data.data_processor | ERROR    | data_processor.py:376 | Error calculating technical indicators: module 'ta.volume' has no attribute 'volume_sma'
2025-09-21 13:03:22 | src.data.data_processor | ERROR    | data_processor.py:376 | Error calculating technical indicators: module 'ta.volume' has no attribute 'volume_sma'
2025-09-21 13:03:22 | src.data.data_processor | ERROR    | data_processor.py:376 | Error calculating technical indicators: module 'ta.volume' has no attribute 'volume_sma'
2025-09-21 13:03:22 | src.data.data_processor | ERROR    | data_processor.py:376 | Error calculating technical indicators: module 'ta.volume' has no attribute 'volume_sma'
2025-09-21 13:03:22 | src.data.data_processor | ERROR    | data_processor.py:376 | Error calculating technical indicators: module 'ta.volume' has no attribute 'volume_sma'
2025-09-21 13:03:22 | src.data.data_processor | ERROR    | data_processor.py:376 | Error calculating technical indicators: module 'ta.volume' has no attribute 'volume_sma'
2025-09-21 13:03:22 | src.data.data_processor | ERROR    | data_processor.py:376 | Error calculating technical indicators: module 'ta.volume' has no attribute 'volume_sma'
2025-09-21 13:03:22 | src.data.data_processor | ERROR    | data_processor.py:376 | Error calculating technical indicators: module 'ta.volume' has no attribute 'volume_sma'
2025-09-21 13:03:22 | src.data.data_processor | ERROR    | data_processor.py:376 | Error calculating technical indicators: module 'ta.volume' has no attribute 'volume_sma'
2025-09-21 13:03:23 | src.data.data_processor | ERROR    | data_processor.py:376 | Error calculating technical indicators: module 'ta.volume' has no attribute 'volume_sma'
2025-09-21 13:03:23 | src.data.data_processor | ERROR    | data_processor.py:376 | Error calculating technical indicators: module 'ta.volume' has no attribute 'volume_sma'
2025-09-21 13:03:23 | src.data.data_processor | ERROR    | data_processor.py:376 | Error calculating technical indicators: module 'ta.volume' has no attribute 'volume_sma'
2025-09-21 13:03:23 | src.data.data_processor | ERROR    | data_processor.py:376 | Error calculating technical indicators: module 'ta.volume' has no attribute 'volume_sma'
2025-09-21 13:03:23 | src.data.data_processor | ERROR    | data_processor.py:376 | Error calculating technical indicators: module 'ta.volume' has no attribute 'volume_sma'
2025-09-21 13:03:23 | src.data.data_processor | ERROR    | data_processor.py:376 | Error calculating technical indicators: module 'ta.volume' has no attribute 'volume_sma'
2025-09-21 13:03:23 | src.data.data_processor | ERROR    | data_processor.py:376 | Error calculating technical indicators: module 'ta.volume' has no attribute 'volume_sma'
2025-09-21 13:03:23 | src.data.data_processor | ERROR    | data_processor.py:376 | Error calculating technical indicators: module 'ta.volume' has no attribute 'volume_sma'
2025-09-21 13:03:23 | src.data.data_processor | ERROR    | data_processor.py:376 | Error calculating technical indicators: module 'ta.volume' has no attribute 'volume_sma'
2025-09-21 13:03:23 | src.data.data_processor | ERROR    | data_processor.py:376 | Error calculating technical indicators: module 'ta.volume' has no attribute 'volume_sma'
2025-09-21 13:03:23 | src.data.data_processor | ERROR    | data_processor.py:376 | Error calculating technical indicators: module 'ta.volume' has no attribute 'volume_sma'
2025-09-21 13:03:23 | src.data.data_processor | ERROR    | data_processor.py:376 | Error calculating technical indicators: module 'ta.volume' has no attribute 'volume_sma'
2025-09-21 13:03:23 | src.data.data_processor | ERROR    | data_processor.py:376 | Error calculating technical indicators: module 'ta.volume' has no attribute 'volume_sma'
2025-09-21 13:03:23 | src.data.data_processor | ERROR    | data_processor.py:376 | Error calculating technical indicators: module 'ta.volume' has no attribute 'volume_sma'
2025-09-21 13:03:23 | src.data.data_processor | ERROR    | data_processor.py:376 | Error calculating technical indicators: module 'ta.volume' has no attribute 'volume_sma'
2025-09-21 13:03:23 | src.data.data_processor | ERROR    | data_processor.py:376 | Error calculating technical indicators: module 'ta.volume' has no attribute 'volume_sma'
2025-09-21 13:03:23 | src.data.data_processor | ERROR    | data_processor.py:376 | Error calculating technical indicators: module 'ta.volume' has no attribute 'volume_sma'
2025-09-21 13:03:23 | src.data.data_processor | ERROR    | data_processor.py:376 | Error calculating technical indicators: module 'ta.volume' has no attribute 'volume_sma'
2025-09-21 13:03:23 | src.data.data_processor | ERROR    | data_processor.py:376 | Error calculating technical indicators: module 'ta.volume' has no attribute 'volume_sma'
2025-09-21 13:03:23 | src.data.data_processor | ERROR    | data_processor.py:376 | Error calculating technical indicators: module 'ta.volume' has no attribute 'volume_sma'
2025-09-21 13:03:23 | src.data.data_processor | ERROR    | data_processor.py:376 | Error calculating technical indicators: module 'ta.volume' has no attribute 'volume_sma'
2025-09-21 13:03:23 | src.data.data_processor | ERROR    | data_processor.py:376 | Error calculating technical indicators: module 'ta.volume' has no attribute 'volume_sma'
2025-09-21 13:03:23 | src.data.data_processor | ERROR    | data_processor.py:376 | Error calculating technical indicators: module 'ta.volume' has no attribute 'volume_sma'
2025-09-21 13:03:23 | src.data.data_processor | ERROR    | data_processor.py:376 | Error calculating technical indicators: module 'ta.volume' has no attribute 'volume_sma'
2025-09-21 13:03:23 | src.data.data_processor | ERROR    | data_processor.py:376 | Error calculating technical indicators: module 'ta.volume' has no attribute 'volume_sma'
2025-09-21 13:03:23 | src.data.data_processor | ERROR    | data_processor.py:376 | Error calculating technical indicators: module 'ta.volume' has no attribute 'volume_sma'
2025-09-21 13:03:24 | src.data.data_processor | ERROR    | data_processor.py:376 | Error calculating technical indicators: module 'ta.volume' has no attribute 'volume_sma'
2025-09-21 13:03:24 | src.data.data_processor | ERROR    | data_processor.py:376 | Error calculating technical indicators: module 'ta.volume' has no attribute 'volume_sma'
2025-09-21 13:03:24 | src.data.data_processor | ERROR    | data_processor.py:376 | Error calculating technical indicators: module 'ta.volume' has no attribute 'volume_sma'
2025-09-21 13:03:24 | src.data.data_processor | ERROR    | data_processor.py:376 | Error calculating technical indicators: module 'ta.volume' has no attribute 'volume_sma'
2025-09-21 13:03:24 | src.data.data_processor | ERROR    | data_processor.py:376 | Error calculating technical indicators: module 'ta.volume' has no attribute 'volume_sma'
2025-09-21 13:03:24 | src.data.data_processor | ERROR    | data_processor.py:376 | Error calculating technical indicators: module 'ta.volume' has no attribute 'volume_sma'
2025-09-21 13:03:24 | src.data.data_processor | ERROR    | data_processor.py:376 | Error calculating technical indicators: module 'ta.volume' has no attribute 'volume_sma'
2025-09-21 13:03:24 | src.data.data_processor | ERROR    | data_processor.py:376 | Error calculating technical indicators: module 'ta.volume' has no attribute 'volume_sma'
2025-09-21 13:03:24 | src.data.data_processor | ERROR    | data_processor.py:376 | Error calculating technical indicators: module 'ta.volume' has no attribute 'volume_sma'
2025-09-21 13:03:24 | src.data.data_processor | ERROR    | data_processor.py:376 | Error calculating technical indicators: module 'ta.volume' has no attribute 'volume_sma'
2025-09-21 13:03:24 | src.data.data_processor | ERROR    | data_processor.py:376 | Error calculating technical indicators: module 'ta.volume' has no attribute 'volume_sma'
2025-09-21 13:03:24 | src.data.data_processor | ERROR    | data_processor.py:376 | Error calculating technical indicators: module 'ta.volume' has no attribute 'volume_sma'
2025-09-21 13:03:24 | src.data.data_processor | ERROR    | data_processor.py:376 | Error calculating technical indicators: module 'ta.volume' has no attribute 'volume_sma'
2025-09-21 13:03:24 | src.data.data_processor | ERROR    | data_processor.py:376 | Error calculating technical indicators: module 'ta.volume' has no attribute 'volume_sma'
2025-09-21 13:03:24 | src.data.data_processor | ERROR    | data_processor.py:376 | Error calculating technical indicators: module 'ta.volume' has no attribute 'volume_sma'
2025-09-21 13:03:24 | src.data.data_processor | ERROR    | data_processor.py:376 | Error calculating technical indicators: module 'ta.volume' has no attribute 'volume_sma'
2025-09-21 13:03:24 | src.data.data_processor | ERROR    | data_processor.py:376 | Error calculating technical indicators: module 'ta.volume' has no attribute 'volume_sma'
2025-09-21 13:03:24 | src.data.data_processor | ERROR    | data_processor.py:376 | Error calculating technical indicators: module 'ta.volume' has no attribute 'volume_sma'
2025-09-21 13:03:24 | src.data.data_processor | ERROR    | data_processor.py:376 | Error calculating technical indicators: module 'ta.volume' has no attribute 'volume_sma'
2025-09-21 13:03:24 | src.data.data_processor | ERROR    | data_processor.py:376 | Error calculating technical indicators: module 'ta.volume' has no attribute 'volume_sma'
2025-09-21 13:03:24 | src.data.data_processor | ERROR    | data_processor.py:376 | Error calculating technical indicators: module 'ta.volume' has no attribute 'volume_sma'
2025-09-21 13:03:24 | src.data.data_processor | ERROR    | data_processor.py:376 | Error calculating technical indicators: module 'ta.volume' has no attribute 'volume_sma'
2025-09-21 13:03:24 | src.data.data_processor | ERROR    | data_processor.py:376 | Error calculating technical indicators: module 'ta.volume' has no attribute 'volume_sma'
2025-09-21 13:03:24 | src.data.data_processor | ERROR    | data_processor.py:376 | Error calculating technical indicators: module 'ta.volume' has no attribute 'volume_sma'
2025-09-21 13:03:24 | src.data.data_processor | ERROR    | data_processor.py:376 | Error calculating technical indicators: module 'ta.volume' has no attribute 'volume_sma'
2025-09-21 13:03:24 | src.data.data_processor | ERROR    | data_processor.py:376 | Error calculating technical indicators: module 'ta.volume' has no attribute 'volume_sma'
2025-09-21 13:03:25 | src.data.data_processor | ERROR    | data_processor.py:376 | Error calculating technical indicators: module 'ta.volume' has no attribute 'volume_sma'
2025-09-21 13:03:25 | src.data.data_processor | ERROR    | data_processor.py:376 | Error calculating technical indicators: module 'ta.volume' has no attribute 'volume_sma'
2025-09-21 13:03:25 | src.data.data_processor | ERROR    | data_processor.py:376 | Error calculating technical indicators: module 'ta.volume' has no attribute 'volume_sma'
2025-09-21 13:03:25 | src.data.data_processor | ERROR    | data_processor.py:376 | Error calculating technical indicators: module 'ta.volume' has no attribute 'volume_sma'
2025-09-21 13:03:25 | src.data.data_processor | ERROR    | data_processor.py:376 | Error calculating technical indicators: module 'ta.volume' has no attribute 'volume_sma'
2025-09-21 13:03:25 | src.data.data_processor | ERROR    | data_processor.py:376 | Error calculating technical indicators: module 'ta.volume' has no attribute 'volume_sma'
2025-09-21 13:03:25 | src.data.data_processor | ERROR    | data_processor.py:376 | Error calculating technical indicators: module 'ta.volume' has no attribute 'volume_sma'
2025-09-21 13:03:25 | src.data.data_processor | ERROR    | data_processor.py:376 | Error calculating technical indicators: module 'ta.volume' has no attribute 'volume_sma'
2025-09-21 13:03:25 | src.data.data_processor | ERROR    | data_processor.py:376 | Error calculating technical indicators: module 'ta.volume' has no attribute 'volume_sma'
2025-09-21 13:03:25 | src.data.data_processor | ERROR    | data_processor.py:376 | Error calculating technical indicators: module 'ta.volume' has no attribute 'volume_sma'
2025-09-21 13:03:25 | src.data.data_processor | ERROR    | data_processor.py:376 | Error calculating technical indicators: module 'ta.volume' has no attribute 'volume_sma'
2025-09-21 13:03:25 | src.data.data_processor | ERROR    | data_processor.py:376 | Error calculating technical indicators: module 'ta.volume' has no attribute 'volume_sma'
2025-09-21 13:03:25 | src.data.data_processor | ERROR    | data_processor.py:376 | Error calculating technical indicators: module 'ta.volume' has no attribute 'volume_sma'
2025-09-21 13:03:25 | src.data.data_processor | ERROR    | data_processor.py:376 | Error calculating technical indicators: module 'ta.volume' has no attribute 'volume_sma'
2025-09-21 13:03:25 | src.data.data_processor | ERROR    | data_processor.py:376 | Error calculating technical indicators: module 'ta.volume' has no attribute 'volume_sma'
2025-09-21 13:03:25 | src.data.data_processor | ERROR    | data_processor.py:376 | Error calculating technical indicators: module 'ta.volume' has no attribute 'volume_sma'
2025-09-21 13:03:25 | src.data.data_processor | ERROR    | data_processor.py:376 | Error calculating technical indicators: module 'ta.volume' has no attribute 'volume_sma'
2025-09-21 13:03:25 | src.data.data_processor | ERROR    | data_processor.py:376 | Error calculating technical indicators: module 'ta.volume' has no attribute 'volume_sma'
2025-09-21 13:03:25 | src.data.data_processor | ERROR    | data_processor.py:376 | Error calculating technical indicators: module 'ta.volume' has no attribute 'volume_sma'
2025-09-21 13:03:25 | src.data.data_processor | ERROR    | data_processor.py:376 | Error calculating technical indicators: module 'ta.volume' has no attribute 'volume_sma'
2025-09-21 13:03:25 | src.data.data_processor | ERROR    | data_processor.py:376 | Error calculating technical indicators: module 'ta.volume' has no attribute 'volume_sma'
2025-09-21 13:03:25 | src.data.data_processor | ERROR    | data_processor.py:376 | Error calculating technical indicators: module 'ta.volume' has no attribute 'volume_sma'
2025-09-21 13:03:25 | src.data.data_processor | ERROR    | data_processor.py:376 | Error calculating technical indicators: module 'ta.volume' has no attribute 'volume_sma'
2025-09-21 13:03:25 | src.data.data_processor | ERROR    | data_processor.py:376 | Error calculating technical indicators: module 'ta.volume' has no attribute 'volume_sma'
2025-09-21 13:03:25 | src.data.data_processor | ERROR    | data_processor.py:376 | Error calculating technical indicators: module 'ta.volume' has no attribute 'volume_sma'
2025-09-21 13:03:26 | src.data.data_processor | ERROR    | data_processor.py:376 | Error calculating technical indicators: module 'ta.volume' has no attribute 'volume_sma'
2025-09-21 13:03:26 | src.data.data_processor | ERROR    | data_processor.py:376 | Error calculating technical indicators: module 'ta.volume' has no attribute 'volume_sma'
2025-09-21 13:03:26 | src.data.data_processor | ERROR    | data_processor.py:376 | Error calculating technical indicators: module 'ta.volume' has no attribute 'volume_sma'
2025-09-21 13:03:26 | src.data.data_processor | ERROR    | data_processor.py:376 | Error calculating technical indicators: module 'ta.volume' has no attribute 'volume_sma'
2025-09-21 13:03:26 | src.data.data_processor | ERROR    | data_processor.py:376 | Error calculating technical indicators: module 'ta.volume' has no attribute 'volume_sma'
2025-09-21 13:03:26 | src.data.data_processor | ERROR    | data_processor.py:376 | Error calculating technical indicators: module 'ta.volume' has no attribute 'volume_sma'
2025-09-21 13:03:26 | src.data.data_processor | ERROR    | data_processor.py:376 | Error calculating technical indicators: module 'ta.volume' has no attribute 'volume_sma'
2025-09-21 13:03:26 | src.data.data_processor | ERROR    | data_processor.py:376 | Error calculating technical indicators: module 'ta.volume' has no attribute 'volume_sma'
2025-09-21 13:03:26 | src.data.data_processor | ERROR    | data_processor.py:376 | Error calculating technical indicators: module 'ta.volume' has no attribute 'volume_sma'
2025-09-21 13:03:26 | src.data.data_processor | ERROR    | data_processor.py:376 | Error calculating technical indicators: module 'ta.volume' has no attribute 'volume_sma'
2025-09-21 13:03:26 | src.data.data_processor | ERROR    | data_processor.py:376 | Error calculating technical indicators: module 'ta.volume' has no attribute 'volume_sma'
2025-09-21 13:03:26 | src.data.data_processor | ERROR    | data_processor.py:376 | Error calculating technical indicators: module 'ta.volume' has no attribute 'volume_sma'
2025-09-21 13:03:26 | src.data.data_processor | ERROR    | data_processor.py:376 | Error calculating technical indicators: module 'ta.volume' has no attribute 'volume_sma'
2025-09-21 13:03:26 | src.data.data_processor | ERROR    | data_processor.py:376 | Error calculating technical indicators: module 'ta.volume' has no attribute 'volume_sma'
2025-09-21 13:03:26 | src.data.data_processor | ERROR    | data_processor.py:376 | Error calculating technical indicators: module 'ta.volume' has no attribute 'volume_sma'
2025-09-21 13:03:26 | src.data.data_processor | ERROR    | data_processor.py:376 | Error calculating technical indicators: module 'ta.volume' has no attribute 'volume_sma'
2025-09-21 13:03:26 | src.data.data_processor | ERROR    | data_processor.py:376 | Error calculating technical indicators: module 'ta.volume' has no attribute 'volume_sma'
2025-09-21 13:03:26 | src.data.data_processor | ERROR    | data_processor.py:376 | Error calculating technical indicators: module 'ta.volume' has no attribute 'volume_sma'
2025-09-21 13:03:26 | src.data.data_processor | ERROR    | data_processor.py:376 | Error calculating technical indicators: module 'ta.volume' has no attribute 'volume_sma'
2025-09-21 13:03:26 | src.data.data_processor | ERROR    | data_processor.py:376 | Error calculating technical indicators: module 'ta.volume' has no attribute 'volume_sma'
2025-09-21 13:03:26 | src.data.data_processor | ERROR    | data_processor.py:376 | Error calculating technical indicators: module 'ta.volume' has no attribute 'volume_sma'
2025-09-21 13:03:26 | src.data.data_processor | ERROR    | data_processor.py:376 | Error calculating technical indicators: module 'ta.volume' has no attribute 'volume_sma'
2025-09-21 13:03:26 | src.data.data_processor | ERROR    | data_processor.py:376 | Error calculating technical indicators: module 'ta.volume' has no attribute 'volume_sma'
2025-09-21 13:03:26 | src.data.data_processor | ERROR    | data_processor.py:376 | Error calculating technical indicators: module 'ta.volume' has no attribute 'volume_sma'
2025-09-21 13:03:27 | src.data.data_processor | ERROR    | data_processor.py:376 | Error calculating technical indicators: module 'ta.volume' has no attribute 'volume_sma'
2025-09-21 13:03:27 | src.data.data_processor | ERROR    | data_processor.py:376 | Error calculating technical indicators: module 'ta.volume' has no attribute 'volume_sma'
2025-09-21 13:03:27 | src.data.data_processor | ERROR    | data_processor.py:376 | Error calculating technical indicators: module 'ta.volume' has no attribute 'volume_sma'
2025-09-21 13:03:27 | src.data.data_processor | ERROR    | data_processor.py:376 | Error calculating technical indicators: module 'ta.volume' has no attribute 'volume_sma'
2025-09-21 13:03:27 | src.data.data_processor | ERROR    | data_processor.py:376 | Error calculating technical indicators: module 'ta.volume' has no attribute 'volume_sma'
2025-09-21 13:03:27 | src.data.data_processor | ERROR    | data_processor.py:376 | Error calculating technical indicators: module 'ta.volume' has no attribute 'volume_sma'
2025-09-21 13:03:27 | src.data.data_processor | ERROR    | data_processor.py:376 | Error calculating technical indicators: module 'ta.volume' has no attribute 'volume_sma'
2025-09-21 13:03:27 | src.data.data_processor | ERROR    | data_processor.py:376 | Error calculating technical indicators: module 'ta.volume' has no attribute 'volume_sma'
2025-09-21 13:03:27 | src.data.data_processor | ERROR    | data_processor.py:376 | Error calculating technical indicators: module 'ta.volume' has no attribute 'volume_sma'
2025-09-21 13:03:27 | src.data.data_processor | ERROR    | data_processor.py:376 | Error calculating technical indicators: module 'ta.volume' has no attribute 'volume_sma'
2025-09-21 13:03:27 | src.data.data_processor | ERROR    | data_processor.py:376 | Error calculating technical indicators: module 'ta.volume' has no attribute 'volume_sma'
2025-09-21 13:03:27 | src.data.data_processor | ERROR    | data_processor.py:376 | Error calculating technical indicators: module 'ta.volume' has no attribute 'volume_sma'
2025-09-21 13:03:27 | src.data.data_processor | ERROR    | data_processor.py:376 | Error calculating technical indicators: module 'ta.volume' has no attribute 'volume_sma'
2025-09-21 13:03:27 | src.data.data_processor | ERROR    | data_processor.py:376 | Error calculating technical indicators: module 'ta.volume' has no attribute 'volume_sma'
2025-09-21 13:03:27 | src.data.data_processor | ERROR    | data_processor.py:376 | Error calculating technical indicators: module 'ta.volume' has no attribute 'volume_sma'
2025-09-21 13:03:27 | src.data.data_processor | ERROR    | data_processor.py:376 | Error calculating technical indicators: module 'ta.volume' has no attribute 'volume_sma'
2025-09-21 13:03:27 | src.data.data_processor | ERROR    | data_processor.py:376 | Error calculating technical indicators: module 'ta.volume' has no attribute 'volume_sma'
2025-09-21 13:03:27 | src.data.data_processor | ERROR    | data_processor.py:376 | Error calculating technical indicators: module 'ta.volume' has no attribute 'volume_sma'
2025-09-21 13:03:27 | src.data.data_processor | ERROR    | data_processor.py:376 | Error calculating technical indicators: module 'ta.volume' has no attribute 'volume_sma'
2025-09-21 13:03:27 | src.data.data_processor | ERROR    | data_processor.py:376 | Error calculating technical indicators: module 'ta.volume' has no attribute 'volume_sma'
2025-09-21 13:03:27 | src.data.data_processor | ERROR    | data_processor.py:376 | Error calculating technical indicators: module 'ta.volume' has no attribute 'volume_sma'
2025-09-21 13:03:27 | src.data.data_processor | ERROR    | data_processor.py:376 | Error calculating technical indicators: module 'ta.volume' has no attribute 'volume_sma'
2025-09-21 13:03:27 | src.data.data_processor | ERROR    | data_processor.py:376 | Error calculating technical indicators: module 'ta.volume' has no attribute 'volume_sma'
2025-09-21 13:03:27 | src.data.data_processor | ERROR    | data_processor.py:376 | Error calculating technical indicators: module 'ta.volume' has no attribute 'volume_sma'
2025-09-21 13:03:27 | src.data.data_processor | ERROR    | data_processor.py:376 | Error calculating technical indicators: module 'ta.volume' has no attribute 'volume_sma'
2025-09-21 13:03:28 | src.data.data_processor | ERROR    | data_processor.py:376 | Error calculating technical indicators: module 'ta.volume' has no attribute 'volume_sma'
2025-09-21 13:03:28 | src.data.data_processor | ERROR    | data_processor.py:376 | Error calculating technical indicators: module 'ta.volume' has no attribute 'volume_sma'
2025-09-21 13:03:28 | src.data.data_processor | ERROR    | data_processor.py:376 | Error calculating technical indicators: module 'ta.volume' has no attribute 'volume_sma'
2025-09-21 13:03:28 | src.data.data_processor | ERROR    | data_processor.py:376 | Error calculating technical indicators: module 'ta.volume' has no attribute 'volume_sma'
2025-09-21 13:03:28 | src.data.data_processor | ERROR    | data_processor.py:376 | Error calculating technical indicators: module 'ta.volume' has no attribute 'volume_sma'
2025-09-21 13:03:28 | src.data.data_processor | ERROR    | data_processor.py:376 | Error calculating technical indicators: module 'ta.volume' has no attribute 'volume_sma'
2025-09-21 13:03:28 | src.data.data_processor | ERROR    | data_processor.py:376 | Error calculating technical indicators: module 'ta.volume' has no attribute 'volume_sma'
2025-09-21 13:03:28 | src.data.data_processor | ERROR    | data_processor.py:376 | Error calculating technical indicators: module 'ta.volume' has no attribute 'volume_sma'
2025-09-21 13:03:28 | src.data.data_processor | ERROR    | data_processor.py:376 | Error calculating technical indicators: module 'ta.volume' has no attribute 'volume_sma'
2025-09-21 13:03:28 | src.data.data_processor | ERROR    | data_processor.py:376 | Error calculating technical indicators: module 'ta.volume' has no attribute 'volume_sma'
2025-09-21 13:03:28 | src.data.data_processor | ERROR    | data_processor.py:376 | Error calculating technical indicators: module 'ta.volume' has no attribute 'volume_sma'
2025-09-21 13:03:28 | src.data.data_processor | ERROR    | data_processor.py:376 | Error calculating technical indicators: module 'ta.volume' has no attribute 'volume_sma'
2025-09-21 13:03:28 | src.data.data_processor | ERROR    | data_processor.py:376 | Error calculating technical indicators: module 'ta.volume' has no attribute 'volume_sma'
2025-09-21 13:03:28 | src.data.data_processor | ERROR    | data_processor.py:376 | Error calculating technical indicators: module 'ta.volume' has no attribute 'volume_sma'
2025-09-21 13:03:28 | src.data.data_processor | ERROR    | data_processor.py:376 | Error calculating technical indicators: module 'ta.volume' has no attribute 'volume_sma'
2025-09-21 13:03:28 | src.data.data_processor | ERROR    | data_processor.py:376 | Error calculating technical indicators: module 'ta.volume' has no attribute 'volume_sma'
2025-09-21 13:03:28 | src.data.data_processor | ERROR    | data_processor.py:376 | Error calculating technical indicators: module 'ta.volume' has no attribute 'volume_sma'
2025-09-21 13:03:28 | src.data.data_processor | ERROR    | data_processor.py:376 | Error calculating technical indicators: module 'ta.volume' has no attribute 'volume_sma'
2025-09-21 13:03:28 | src.data.data_processor | ERROR    | data_processor.py:376 | Error calculating technical indicators: module 'ta.volume' has no attribute 'volume_sma'
2025-09-21 13:03:28 | src.data.data_processor | ERROR    | data_processor.py:376 | Error calculating technical indicators: module 'ta.volume' has no attribute 'volume_sma'
2025-09-21 13:03:28 | src.data.data_processor | ERROR    | data_processor.py:376 | Error calculating technical indicators: module 'ta.volume' has no attribute 'volume_sma'
2025-09-21 13:03:28 | src.data.data_processor | ERROR    | data_processor.py:376 | Error calculating technical indicators: module 'ta.volume' has no attribute 'volume_sma'
2025-09-21 13:03:28 | src.data.data_processor | ERROR    | data_processor.py:376 | Error calculating technical indicators: module 'ta.volume' has no attribute 'volume_sma'
2025-09-21 13:03:28 | src.data.data_processor | ERROR    | data_processor.py:376 | Error calculating technical indicators: module 'ta.volume' has no attribute 'volume_sma'
2025-09-21 13:03:28 | src.data.data_processor | ERROR    | data_processor.py:376 | Error calculating technical indicators: module 'ta.volume' has no attribute 'volume_sma'
2025-09-21 13:03:29 | src.data.data_processor | ERROR    | data_processor.py:376 | Error calculating technical indicators: module 'ta.volume' has no attribute 'volume_sma'
2025-09-21 13:03:29 | src.data.data_processor | ERROR    | data_processor.py:376 | Error calculating technical indicators: module 'ta.volume' has no attribute 'volume_sma'
2025-09-21 13:03:29 | src.data.data_processor | ERROR    | data_processor.py:376 | Error calculating technical indicators: module 'ta.volume' has no attribute 'volume_sma'
2025-09-21 13:03:29 | src.data.data_processor | ERROR    | data_processor.py:376 | Error calculating technical indicators: module 'ta.volume' has no attribute 'volume_sma'
2025-09-21 13:03:29 | src.data.data_processor | ERROR    | data_processor.py:376 | Error calculating technical indicators: module 'ta.volume' has no attribute 'volume_sma'
2025-09-21 13:03:29 | src.data.data_processor | ERROR    | data_processor.py:376 | Error calculating technical indicators: module 'ta.volume' has no attribute 'volume_sma'
2025-09-21 13:03:29 | src.data.data_processor | ERROR    | data_processor.py:376 | Error calculating technical indicators: module 'ta.volume' has no attribute 'volume_sma'
2025-09-21 13:03:29 | src.data.data_processor | ERROR    | data_processor.py:376 | Error calculating technical indicators: module 'ta.volume' has no attribute 'volume_sma'
2025-09-21 13:03:29 | src.data.data_processor | ERROR    | data_processor.py:376 | Error calculating technical indicators: module 'ta.volume' has no attribute 'volume_sma'
2025-09-21 13:03:29 | src.data.data_processor | ERROR    | data_processor.py:376 | Error calculating technical indicators: module 'ta.volume' has no attribute 'volume_sma'
2025-09-21 13:03:29 | src.data.data_processor | ERROR    | data_processor.py:376 | Error calculating technical indicators: module 'ta.volume' has no attribute 'volume_sma'
2025-09-21 13:03:29 | src.data.data_processor | ERROR    | data_processor.py:376 | Error calculating technical indicators: module 'ta.volume' has no attribute 'volume_sma'
2025-09-21 13:03:29 | src.data.data_processor | ERROR    | data_processor.py:376 | Error calculating technical indicators: module 'ta.volume' has no attribute 'volume_sma'
2025-09-21 13:03:29 | src.data.data_processor | ERROR    | data_processor.py:376 | Error calculating technical indicators: module 'ta.volume' has no attribute 'volume_sma'
2025-09-21 13:03:29 | src.data.data_processor | ERROR    | data_processor.py:376 | Error calculating technical indicators: module 'ta.volume' has no attribute 'volume_sma'
2025-09-21 13:03:29 | src.data.data_processor | ERROR    | data_processor.py:376 | Error calculating technical indicators: module 'ta.volume' has no attribute 'volume_sma'
2025-09-21 13:03:29 | src.data.data_processor | ERROR    | data_processor.py:376 | Error calculating technical indicators: module 'ta.volume' has no attribute 'volume_sma'
2025-09-21 13:03:29 | src.data.data_processor | ERROR    | data_processor.py:376 | Error calculating technical indicators: module 'ta.volume' has no attribute 'volume_sma'
2025-09-21 13:03:29 | src.data.data_processor | ERROR    | data_processor.py:376 | Error calculating technical indicators: module 'ta.volume' has no attribute 'volume_sma'
2025-09-21 13:03:29 | src.data.data_processor | ERROR    | data_processor.py:376 | Error calculating technical indicators: module 'ta.volume' has no attribute 'volume_sma'
2025-09-21 13:03:29 | src.data.data_processor | ERROR    | data_processor.py:376 | Error calculating technical indicators: module 'ta.volume' has no attribute 'volume_sma'
2025-09-21 13:03:29 | src.data.data_processor | ERROR    | data_processor.py:376 | Error calculating technical indicators: module 'ta.volume' has no attribute 'volume_sma'
2025-09-21 13:03:29 | src.data.data_processor | ERROR    | data_processor.py:376 | Error calculating technical indicators: module 'ta.volume' has no attribute 'volume_sma'
2025-09-21 13:03:29 | src.data.data_processor | ERROR    | data_processor.py:376 | Error calculating technical indicators: module 'ta.volume' has no attribute 'volume_sma'
2025-09-21 13:03:30 | src.data.data_processor | ERROR    | data_processor.py:376 | Error calculating technical indicators: module 'ta.volume' has no attribute 'volume_sma'
2025-09-21 13:03:30 | src.data.data_processor | ERROR    | data_processor.py:376 | Error calculating technical indicators: module 'ta.volume' has no attribute 'volume_sma'
2025-09-21 13:03:30 | src.data.data_processor | ERROR    | data_processor.py:376 | Error calculating technical indicators: module 'ta.volume' has no attribute 'volume_sma'
2025-09-21 13:03:30 | src.data.data_processor | ERROR    | data_processor.py:376 | Error calculating technical indicators: module 'ta.volume' has no attribute 'volume_sma'
2025-09-21 13:03:30 | src.data.data_processor | ERROR    | data_processor.py:376 | Error calculating technical indicators: module 'ta.volume' has no attribute 'volume_sma'
2025-09-21 13:03:30 | src.data.data_processor | ERROR    | data_processor.py:376 | Error calculating technical indicators: module 'ta.volume' has no attribute 'volume_sma'
2025-09-21 13:03:30 | src.data.data_processor | ERROR    | data_processor.py:376 | Error calculating technical indicators: module 'ta.volume' has no attribute 'volume_sma'
2025-09-21 13:03:30 | src.data.data_processor | ERROR    | data_processor.py:376 | Error calculating technical indicators: module 'ta.volume' has no attribute 'volume_sma'
2025-09-21 13:03:30 | src.data.data_processor | ERROR    | data_processor.py:376 | Error calculating technical indicators: module 'ta.volume' has no attribute 'volume_sma'
2025-09-21 13:03:30 | src.data.data_processor | ERROR    | data_processor.py:376 | Error calculating technical indicators: module 'ta.volume' has no attribute 'volume_sma'
2025-09-21 13:03:30 | src.data.data_processor | ERROR    | data_processor.py:376 | Error calculating technical indicators: module 'ta.volume' has no attribute 'volume_sma'
2025-09-21 13:03:30 | src.data.data_processor | ERROR    | data_processor.py:376 | Error calculating technical indicators: module 'ta.volume' has no attribute 'volume_sma'
2025-09-21 13:03:30 | src.data.data_processor | ERROR    | data_processor.py:376 | Error calculating technical indicators: module 'ta.volume' has no attribute 'volume_sma'
2025-09-21 13:03:30 | src.data.data_processor | ERROR    | data_processor.py:376 | Error calculating technical indicators: module 'ta.volume' has no attribute 'volume_sma'
2025-09-21 13:03:30 | src.data.data_processor | ERROR    | data_processor.py:376 | Error calculating technical indicators: module 'ta.volume' has no attribute 'volume_sma'
2025-09-21 13:03:30 | src.data.data_processor | ERROR    | data_processor.py:376 | Error calculating technical indicators: module 'ta.volume' has no attribute 'volume_sma'
2025-09-21 13:03:30 | src.data.data_processor | ERROR    | data_processor.py:376 | Error calculating technical indicators: module 'ta.volume' has no attribute 'volume_sma'
2025-09-21 13:03:30 | src.data.data_processor | ERROR    | data_processor.py:376 | Error calculating technical indicators: module 'ta.volume' has no attribute 'volume_sma'
2025-09-21 13:03:30 | src.data.data_processor | ERROR    | data_processor.py:376 | Error calculating technical indicators: module 'ta.volume' has no attribute 'volume_sma'
2025-09-21 13:03:30 | src.data.data_processor | ERROR    | data_processor.py:376 | Error calculating technical indicators: module 'ta.volume' has no attribute 'volume_sma'
2025-09-21 13:03:30 | src.data.data_processor | ERROR    | data_processor.py:376 | Error calculating technical indicators: module 'ta.volume' has no attribute 'volume_sma'
2025-09-21 13:03:30 | src.data.data_processor | ERROR    | data_processor.py:376 | Error calculating technical indicators: module 'ta.volume' has no attribute 'volume_sma'
2025-09-21 13:03:30 | src.data.data_processor | ERROR    | data_processor.py:376 | Error calculating technical indicators: module 'ta.volume' has no attribute 'volume_sma'
2025-09-21 13:03:30 | src.data.data_processor | ERROR    | data_processor.py:376 | Error calculating technical indicators: module 'ta.volume' has no attribute 'volume_sma'
2025-09-21 13:03:30 | src.data.data_processor | ERROR    | data_processor.py:376 | Error calculating technical indicators: module 'ta.volume' has no attribute 'volume_sma'
2025-09-21 13:03:30 | src.data.data_processor | ERROR    | data_processor.py:376 | Error calculating technical indicators: module 'ta.volume' has no attribute 'volume_sma'
2025-09-21 13:03:31 | src.data.data_processor | ERROR    | data_processor.py:376 | Error calculating technical indicators: module 'ta.volume' has no attribute 'volume_sma'
2025-09-21 13:03:31 | src.data.data_processor | ERROR    | data_processor.py:376 | Error calculating technical indicators: module 'ta.volume' has no attribute 'volume_sma'
2025-09-21 13:03:31 | src.data.data_processor | ERROR    | data_processor.py:376 | Error calculating technical indicators: module 'ta.volume' has no attribute 'volume_sma'
2025-09-21 13:03:31 | src.data.data_processor | ERROR    | data_processor.py:376 | Error calculating technical indicators: module 'ta.volume' has no attribute 'volume_sma'
2025-09-21 13:03:31 | src.data.data_processor | ERROR    | data_processor.py:376 | Error calculating technical indicators: module 'ta.volume' has no attribute 'volume_sma'
2025-09-21 13:03:31 | src.data.data_processor | ERROR    | data_processor.py:376 | Error calculating technical indicators: module 'ta.volume' has no attribute 'volume_sma'
2025-09-21 13:03:31 | src.data.data_processor | ERROR    | data_processor.py:376 | Error calculating technical indicators: module 'ta.volume' has no attribute 'volume_sma'
2025-09-21 13:03:31 | src.data.data_processor | ERROR    | data_processor.py:376 | Error calculating technical indicators: module 'ta.volume' has no attribute 'volume_sma'
2025-09-21 13:03:31 | src.data.data_processor | ERROR    | data_processor.py:376 | Error calculating technical indicators: module 'ta.volume' has no attribute 'volume_sma'
2025-09-21 13:03:31 | src.data.data_processor | ERROR    | data_processor.py:376 | Error calculating technical indicators: module 'ta.volume' has no attribute 'volume_sma'
2025-09-21 13:03:31 | src.data.data_processor | ERROR    | data_processor.py:376 | Error calculating technical indicators: module 'ta.volume' has no attribute 'volume_sma'
2025-09-21 13:03:31 | src.data.data_processor | ERROR    | data_processor.py:376 | Error calculating technical indicators: module 'ta.volume' has no attribute 'volume_sma'
2025-09-21 13:03:31 | src.data.data_processor | ERROR    | data_processor.py:376 | Error calculating technical indicators: module 'ta.volume' has no attribute 'volume_sma'
2025-09-21 13:03:31 | src.data.data_processor | ERROR    | data_processor.py:376 | Error calculating technical indicators: module 'ta.volume' has no attribute 'volume_sma'
2025-09-21 13:03:31 | src.data.data_processor | ERROR    | data_processor.py:376 | Error calculating technical indicators: module 'ta.volume' has no attribute 'volume_sma'
2025-09-21 13:03:31 | src.data.data_processor | ERROR    | data_processor.py:376 | Error calculating technical indicators: module 'ta.volume' has no attribute 'volume_sma'
2025-09-21 13:03:31 | src.data.data_processor | ERROR    | data_processor.py:376 | Error calculating technical indicators: module 'ta.volume' has no attribute 'volume_sma'
2025-09-21 13:03:31 | src.data.data_processor | ERROR    | data_processor.py:376 | Error calculating technical indicators: module 'ta.volume' has no attribute 'volume_sma'
2025-09-21 13:03:31 | src.data.data_processor | ERROR    | data_processor.py:376 | Error calculating technical indicators: module 'ta.volume' has no attribute 'volume_sma'
2025-09-21 13:03:31 | src.data.data_processor | ERROR    | data_processor.py:376 | Error calculating technical indicators: module 'ta.volume' has no attribute 'volume_sma'
2025-09-21 13:03:31 | src.data.data_processor | ERROR    | data_processor.py:376 | Error calculating technical indicators: module 'ta.volume' has no attribute 'volume_sma'
2025-09-21 13:03:31 | src.data.data_processor | ERROR    | data_processor.py:376 | Error calculating technical indicators: module 'ta.volume' has no attribute 'volume_sma'
2025-09-21 13:03:31 | src.data.data_processor | ERROR    | data_processor.py:376 | Error calculating technical indicators: module 'ta.volume' has no attribute 'volume_sma'
2025-09-21 13:03:31 | src.data.data_processor | ERROR    | data_processor.py:376 | Error calculating technical indicators: module 'ta.volume' has no attribute 'volume_sma'
2025-09-21 13:03:32 | src.data.data_processor | ERROR    | data_processor.py:376 | Error calculating technical indicators: module 'ta.volume' has no attribute 'volume_sma'
2025-09-21 13:03:32 | src.data.data_processor | ERROR    | data_processor.py:376 | Error calculating technical indicators: module 'ta.volume' has no attribute 'volume_sma'
2025-09-21 13:03:32 | src.data.data_processor | ERROR    | data_processor.py:376 | Error calculating technical indicators: module 'ta.volume' has no attribute 'volume_sma'
2025-09-21 13:03:32 | src.data.data_processor | ERROR    | data_processor.py:376 | Error calculating technical indicators: module 'ta.volume' has no attribute 'volume_sma'
2025-09-21 13:03:32 | src.data.data_processor | ERROR    | data_processor.py:376 | Error calculating technical indicators: module 'ta.volume' has no attribute 'volume_sma'
2025-09-21 13:03:32 | src.data.data_processor | ERROR    | data_processor.py:376 | Error calculating technical indicators: module 'ta.volume' has no attribute 'volume_sma'
2025-09-21 13:03:32 | src.data.data_processor | ERROR    | data_processor.py:376 | Error calculating technical indicators: module 'ta.volume' has no attribute 'volume_sma'
2025-09-21 13:03:32 | src.data.data_processor | ERROR    | data_processor.py:376 | Error calculating technical indicators: module 'ta.volume' has no attribute 'volume_sma'
2025-09-21 13:03:32 | src.data.data_processor | ERROR    | data_processor.py:376 | Error calculating technical indicators: module 'ta.volume' has no attribute 'volume_sma'
2025-09-21 13:03:32 | src.data.data_processor | ERROR    | data_processor.py:376 | Error calculating technical indicators: module 'ta.volume' has no attribute 'volume_sma'
2025-09-21 13:03:32 | src.data.data_processor | ERROR    | data_processor.py:376 | Error calculating technical indicators: module 'ta.volume' has no attribute 'volume_sma'
2025-09-21 13:03:32 | src.data.data_processor | ERROR    | data_processor.py:376 | Error calculating technical indicators: module 'ta.volume' has no attribute 'volume_sma'
2025-09-21 13:03:32 | src.data.data_processor | ERROR    | data_processor.py:376 | Error calculating technical indicators: module 'ta.volume' has no attribute 'volume_sma'
2025-09-21 13:03:32 | src.data.data_processor | ERROR    | data_processor.py:376 | Error calculating technical indicators: module 'ta.volume' has no attribute 'volume_sma'
2025-09-21 13:03:32 | src.data.data_processor | ERROR    | data_processor.py:376 | Error calculating technical indicators: module 'ta.volume' has no attribute 'volume_sma'
2025-09-21 13:03:32 | src.data.data_processor | ERROR    | data_processor.py:376 | Error calculating technical indicators: module 'ta.volume' has no attribute 'volume_sma'
2025-09-21 13:03:32 | src.data.data_processor | ERROR    | data_processor.py:376 | Error calculating technical indicators: module 'ta.volume' has no attribute 'volume_sma'
2025-09-21 13:03:32 | src.data.data_processor | ERROR    | data_processor.py:376 | Error calculating technical indicators: module 'ta.volume' has no attribute 'volume_sma'
2025-09-21 13:03:32 | src.data.data_processor | ERROR    | data_processor.py:376 | Error calculating technical indicators: module 'ta.volume' has no attribute 'volume_sma'
2025-09-21 13:03:32 | src.data.data_processor | ERROR    | data_processor.py:376 | Error calculating technical indicators: module 'ta.volume' has no attribute 'volume_sma'
2025-09-21 13:03:32 | src.data.data_processor | ERROR    | data_processor.py:376 | Error calculating technical indicators: module 'ta.volume' has no attribute 'volume_sma'
2025-09-21 13:03:32 | src.data.data_processor | ERROR    | data_processor.py:376 | Error calculating technical indicators: module 'ta.volume' has no attribute 'volume_sma'
2025-09-21 13:03:32 | src.data.data_processor | ERROR    | data_processor.py:376 | Error calculating technical indicators: module 'ta.volume' has no attribute 'volume_sma'
2025-09-21 13:03:32 | src.data.data_processor | ERROR    | data_processor.py:376 | Error calculating technical indicators: module 'ta.volume' has no attribute 'volume_sma'
2025-09-21 13:03:32 | src.data.data_processor | ERROR    | data_processor.py:376 | Error calculating technical indicators: module 'ta.volume' has no attribute 'volume_sma'
2025-09-21 13:03:32 | src.data.data_processor | ERROR    | data_processor.py:376 | Error calculating technical indicators: module 'ta.volume' has no attribute 'volume_sma'
2025-09-21 13:03:32 | src.data.data_processor | ERROR    | data_processor.py:376 | Error calculating technical indicators: module 'ta.volume' has no attribute 'volume_sma'
2025-09-21 13:03:33 | src.data.data_processor | ERROR    | data_processor.py:376 | Error calculating technical indicators: module 'ta.volume' has no attribute 'volume_sma'
2025-09-21 13:03:33 | src.data.data_processor | ERROR    | data_processor.py:376 | Error calculating technical indicators: module 'ta.volume' has no attribute 'volume_sma'
2025-09-21 13:03:33 | src.data.data_processor | ERROR    | data_processor.py:376 | Error calculating technical indicators: module 'ta.volume' has no attribute 'volume_sma'
2025-09-21 13:03:33 | src.data.data_processor | ERROR    | data_processor.py:376 | Error calculating technical indicators: module 'ta.volume' has no attribute 'volume_sma'
2025-09-21 13:03:33 | src.data.data_processor | ERROR    | data_processor.py:376 | Error calculating technical indicators: module 'ta.volume' has no attribute 'volume_sma'
2025-09-21 13:03:33 | src.data.data_processor | ERROR    | data_processor.py:376 | Error calculating technical indicators: module 'ta.volume' has no attribute 'volume_sma'
2025-09-21 13:03:33 | src.data.data_processor | ERROR    | data_processor.py:376 | Error calculating technical indicators: module 'ta.volume' has no attribute 'volume_sma'
2025-09-21 13:03:33 | src.data.data_processor | ERROR    | data_processor.py:376 | Error calculating technical indicators: module 'ta.volume' has no attribute 'volume_sma'
2025-09-21 13:03:33 | src.data.data_processor | ERROR    | data_processor.py:376 | Error calculating technical indicators: module 'ta.volume' has no attribute 'volume_sma'
2025-09-21 13:03:33 | src.data.data_processor | ERROR    | data_processor.py:376 | Error calculating technical indicators: module 'ta.volume' has no attribute 'volume_sma'
2025-09-21 13:03:33 | src.data.data_processor | ERROR    | data_processor.py:376 | Error calculating technical indicators: module 'ta.volume' has no attribute 'volume_sma'
2025-09-21 13:03:33 | src.data.data_processor | ERROR    | data_processor.py:376 | Error calculating technical indicators: module 'ta.volume' has no attribute 'volume_sma'
2025-09-21 13:03:33 | src.data.data_processor | ERROR    | data_processor.py:376 | Error calculating technical indicators: module 'ta.volume' has no attribute 'volume_sma'
2025-09-21 13:03:33 | src.data.data_processor | ERROR    | data_processor.py:376 | Error calculating technical indicators: module 'ta.volume' has no attribute 'volume_sma'
2025-09-21 13:03:33 | src.data.data_processor | ERROR    | data_processor.py:376 | Error calculating technical indicators: module 'ta.volume' has no attribute 'volume_sma'
2025-09-21 13:03:33 | src.data.data_processor | ERROR    | data_processor.py:376 | Error calculating technical indicators: module 'ta.volume' has no attribute 'volume_sma'
2025-09-21 13:03:33 | src.data.data_processor | ERROR    | data_processor.py:376 | Error calculating technical indicators: module 'ta.volume' has no attribute 'volume_sma'
2025-09-21 13:03:33 | src.data.data_processor | ERROR    | data_processor.py:376 | Error calculating technical indicators: module 'ta.volume' has no attribute 'volume_sma'
2025-09-21 13:03:33 | src.data.data_processor | ERROR    | data_processor.py:376 | Error calculating technical indicators: module 'ta.volume' has no attribute 'volume_sma'
2025-09-21 13:03:33 | src.data.data_processor | ERROR    | data_processor.py:376 | Error calculating technical indicators: module 'ta.volume' has no attribute 'volume_sma'
2025-09-21 13:03:33 | src.data.data_processor | ERROR    | data_processor.py:376 | Error calculating technical indicators: module 'ta.volume' has no attribute 'volume_sma'
2025-09-21 13:03:33 | src.data.data_processor | ERROR    | data_processor.py:376 | Error calculating technical indicators: module 'ta.volume' has no attribute 'volume_sma'
2025-09-21 13:03:33 | src.data.data_processor | ERROR    | data_processor.py:376 | Error calculating technical indicators: module 'ta.volume' has no attribute 'volume_sma'
2025-09-21 13:03:33 | src.data.data_processor | ERROR    | data_processor.py:376 | Error calculating technical indicators: module 'ta.volume' has no attribute 'volume_sma'
2025-09-21 13:03:33 | src.data.data_processor | ERROR    | data_processor.py:376 | Error calculating technical indicators: module 'ta.volume' has no attribute 'volume_sma'
2025-09-21 13:03:34 | src.data.data_processor | ERROR    | data_processor.py:376 | Error calculating technical indicators: module 'ta.volume' has no attribute 'volume_sma'
2025-09-21 13:03:34 | src.data.data_processor | ERROR    | data_processor.py:376 | Error calculating technical indicators: module 'ta.volume' has no attribute 'volume_sma'
2025-09-21 13:03:34 | src.data.data_processor | ERROR    | data_processor.py:376 | Error calculating technical indicators: module 'ta.volume' has no attribute 'volume_sma'
2025-09-21 13:03:34 | src.data.data_processor | ERROR    | data_processor.py:376 | Error calculating technical indicators: module 'ta.volume' has no attribute 'volume_sma'
2025-09-21 13:03:34 | src.data.data_processor | ERROR    | data_processor.py:376 | Error calculating technical indicators: module 'ta.volume' has no attribute 'volume_sma'
